C:\Users\dcardinale\Documents\MCUXpressoIDE_11.6.1_8255\workspace\LPC5528_Led_Blink\drivers/fsl_power.h:385:20:POWER_DisablePD	16	static
../board/clock_config.c:43:6:BOARD_InitBootClocks	8	static
../board/clock_config.c:72:6:BOARD_BootClockFRO12M	8	static
../board/clock_config.c:123:6:BOARD_BootClockFROHF96M	8	static
../board/clock_config.c:179:6:BOARD_BootClockPLL100M	40	static
../board/clock_config.c:255:6:BOARD_BootClockPLL150M	40	static
../board/clock_config.c:328:6:BOARD_BootClockPLL1_150M	40	static
